1744573856252: / New Req Received
1744573859418: / New Req Received
1744573891518: / New Req Received
1744573932322: /about New Req Received
1744573947459: /about?myname=xanmoy New Req Received
1744574053845: /about?myname=xanmoy New Req Received
1744574191157: /about?myname=xanmoy New Req Received
1744574241888: /about?myname=xanmoy&userid=1 New Req Received
1744574271395: /about?myname=xanmoy&userid=1 New Req Received
1744574333287: /about?myname=xanmoy&userid=1 New Req Received
1744574335579: /about?myname=xanmoy&userid=1 New Req Received
1744574376250: /about?myname=xanmoy&userid=1 New Req Received
1744574425791: /about?myname=xanmoy&userid=1&search=code New Req Received
1744574542529: /about?myname=xanmoy&userid=1&search=code New Req Received
1744574548906: /about?myname=xanmoy&userid=1&search=code New Req Received
1744574734936: /search?search_query=tic+tac+toe New Req Received
1744574984719: /search?search_query= New Req Received
1744575127219: /search?search_query= New Req Received
1744575561579: GET /search?search_query= New Req Received
1744575681166: GET /search?search_query= New Req Received
1744575687455: GET / New Req Received
1744575813415: GET / New Req Received
1744575830069: GET /signup New Req Received
